// Jest Snapshot v1, https://goo.gl/fbAQLP

exports[`Export tests default renderer 1`] = `
<div
  className="Export"
>
  <ForwardRef(WithStyles)
    onClose={[Function]}
    open={true}
    title={
      <FormattedMessage
        defaultMessage="Export"
        id="cboard.components.Settings.Export.export"
        values={Object {}}
      />
    }
  >
    <ForwardRef(WithStyles)>
      <ForwardRef(WithStyles)>
        <ForwardRef(WithStyles)
          className="Export__ListItem"
        >
          <ForwardRef(WithStyles)
            className="Export__ListItemText"
            primary={
              <FormattedMessage
                defaultMessage="Export a single board"
                id="cboard.components.Settings.Export.exportSingle"
                values={Object {}}
              />
            }
            secondary={
              <FormattedMessage
                defaultMessage="This option will export a single board you have from a list of boards. You can choose {cboardLink}, {link} or PDF formats."
                id="cboard.components.Settings.Export.exportSingleSecondary"
                values={
                  Object {
                    "cboardLink": <a
                      href="https://www.cboard.io/help/#HowdoIimportaboardintoCboard"
                    >
                      Cboard
                    </a>,
                    "link": <a
                      href="https://www.openboardformat.org/"
                    >
                      OpenBoard
                    </a>,
                  }
                }
              />
            }
          />
          <ForwardRef(WithStyles)>
            <div
              className="Export__SelectContainer"
            >
              <div
                className="Export__SelectContainer"
              >
                <ForwardRef(WithStyles)
                  className="Export__SelectContainer__Select"
                  error={false}
                  variant="standard"
                >
                  <ForwardRef(WithStyles)
                    id="boards-select-label"
                  />
                  <ForwardRef(WithStyles)
                    autoWidth={false}
                    id="boards-select"
                    labelId="boards-select-label"
                    onChange={[Function]}
                    value=""
                  />
                </ForwardRef(WithStyles)>
                <ForwardRef(WithStyles)
                  className="Export__SelectContainer__Select"
                  variant="standard"
                >
                  <ForwardRef(WithStyles)
                    id="export-single-select-label"
                  />
                  <ForwardRef(WithStyles)
                    autoWidth={false}
                    id="export-single-select"
                    labelId="export-single-select-label"
                    onChange={[Function]}
                    value=""
                  >
                    <ForwardRef(WithStyles)
                      value="cboard"
                    >
                      Cboard
                    </ForwardRef(WithStyles)>
                    <ForwardRef(WithStyles)
                      value="openboard"
                    >
                      OpenBoard
                    </ForwardRef(WithStyles)>
                    <ForwardRef(WithStyles)
                      value="pdf"
                    >
                      PDF
                    </ForwardRef(WithStyles)>
                  </ForwardRef(WithStyles)>
                </ForwardRef(WithStyles)>
              </div>
            </div>
          </ForwardRef(WithStyles)>
        </ForwardRef(WithStyles)>
        <ForwardRef(WithStyles) />
        <ForwardRef(WithStyles)>
          <ForwardRef(WithStyles)
            className="Export__ListItemText"
            primary={
              <FormattedMessage
                defaultMessage="Export All Boards"
                id="cboard.components.Settings.Export.exportAll"
                values={Object {}}
              />
            }
            secondary={
              <FormattedMessage
                defaultMessage="This option will export ALL the boards you have if you choose {cboardLink} format or {link} format. It will export JUST the current board if you choose PDF format."
                id="cboard.components.Settings.Export.exportAllSecondary"
                values={
                  Object {
                    "cboardLink": <a
                      href="https://www.cboard.io/help/#HowdoIimportaboardintoCboard"
                    >
                      Cboard
                    </a>,
                    "link": <a
                      href="https://www.openboardformat.org/"
                    >
                      OpenBoard
                    </a>,
                  }
                }
              />
            }
          />
          <ForwardRef(WithStyles)>
            <div
              className="Export__SelectContainer"
            >
              <ForwardRef(WithStyles)
                className="Export__SelectContainer__Select"
                disabled={false}
                variant="standard"
              >
                <ForwardRef(WithStyles)
                  id="export-all-select-label"
                />
                <ForwardRef(WithStyles)
                  autoWidth={false}
                  id="export-all-select"
                  labelId="export-all-select-label"
                  onChange={[Function]}
                  value=""
                >
                  <ForwardRef(WithStyles)
                    value="cboard"
                  >
                    Cboard
                  </ForwardRef(WithStyles)>
                  <ForwardRef(WithStyles)
                    value="openboard"
                  >
                    OpenBoard
                  </ForwardRef(WithStyles)>
                  <ForwardRef(WithStyles)
                    value="pdf"
                  >
                    PDF
                  </ForwardRef(WithStyles)>
                </ForwardRef(WithStyles)>
              </ForwardRef(WithStyles)>
            </div>
          </ForwardRef(WithStyles)>
        </ForwardRef(WithStyles)>
      </ForwardRef(WithStyles)>
    </ForwardRef(WithStyles)>
  </ForwardRef(WithStyles)>
</div>
`;
