// Jest Snapshot v1, https://goo.gl/fbAQLP

exports[`container group Test speechProviderContainer: snapshot test 1`] = `
<div>
  child one
</div>
`;
